Traceback (most recent call last):
  File "/mmfs1/gscratch/matsulab/sim/pinn-exploration-model/notebooks/routine_curv.py", line 378, in <module>
    run_one(
  File "/mmfs1/gscratch/matsulab/sim/pinn-exploration-model/notebooks/routine_curv.py", line 309, in run_one
    save_ckpt(
  File "/mmfs1/gscratch/matsulab/sim/pinn-exploration-model/src/pinn/utils.py", line 769, in save_ckpt
    checkpoints.save_checkpoint(
  File "/gscratch/matsulab/envs/pinn-env/lib/python3.12/site-packages/flax/training/checkpoints.py", line 693, in save_checkpoint
    orbax_checkpointer.save(
  File "/gscratch/matsulab/envs/pinn-env/lib/python3.12/site-packages/orbax/checkpoint/_src/checkpointers/checkpointer.py", line 258, in save
    asyncio_utils.run_sync(self.create_temporary_path(tmpdir))
  File "/gscratch/matsulab/envs/pinn-env/lib/python3.12/site-packages/orbax/checkpoint/_src/asyncio_utils.py", line 36, in run_sync
    return asyncio.run(coro)
           ^^^^^^^^^^^^^^^^^
  File "/gscratch/matsulab/envs/pinn-env/lib/python3.12/asyncio/runners.py", line 194, in run
    return runner.run(main)
           ^^^^^^^^^^^^^^^^
  File "/gscratch/matsulab/envs/pinn-env/lib/python3.12/asyncio/runners.py", line 118, in run
    return self._loop.run_until_complete(task)
           ^^^^^^^^^^^^^^^^^^^^^^^^^^^^^^^^^^^
  File "/gscratch/matsulab/envs/pinn-env/lib/python3.12/asyncio/base_events.py", line 687, in run_until_complete
    return future.result()
           ^^^^^^^^^^^^^^^
  File "/gscratch/matsulab/envs/pinn-env/lib/python3.12/site-packages/orbax/checkpoint/_src/checkpointers/checkpointer.py", line 168, in create_temporary_path
    await atomicity.create_all(
  File "/gscratch/matsulab/envs/pinn-env/lib/python3.12/site-packages/orbax/checkpoint/_src/path/atomicity.py", line 652, in create_all
    await asyncio.gather(*[path.create() for path in paths])
  File "/gscratch/matsulab/envs/pinn-env/lib/python3.12/site-packages/orbax/checkpoint/_src/path/atomicity.py", line 464, in create
    return await _create_tmp_directory(
           ^^^^^^^^^^^^^^^^^^^^^^^^^^^^
  File "/gscratch/matsulab/envs/pinn-env/lib/python3.12/site-packages/orbax/checkpoint/_src/path/atomicity.py", line 141, in _create_tmp_directory
    await async_makedir_func(
  File "/gscratch/matsulab/envs/pinn-env/lib/python3.12/site-packages/orbax/checkpoint/_src/path/async_path.py", line 47, in mkdir
    return await asyncio.to_thread(_mkdir_sync, **thread_kwargs)
           ^^^^^^^^^^^^^^^^^^^^^^^^^^^^^^^^^^^^^^^^^^^^^^^^^^^^^
  File "/gscratch/matsulab/envs/pinn-env/lib/python3.12/asyncio/threads.py", line 25, in to_thread
    return await loop.run_in_executor(None, func_call)
           ^^^^^^^^^^^^^^^^^^^^^^^^^^^^^^^^^^^^^^^^^^^
  File "/gscratch/matsulab/envs/pinn-env/lib/python3.12/concurrent/futures/thread.py", line 58, in run
    result = self.fn(*self.args, **self.kwargs)
             ^^^^^^^^^^^^^^^^^^^^^^^^^^^^^^^^^^
  File "/gscratch/matsulab/envs/pinn-env/lib/python3.12/site-packages/orbax/checkpoint/_src/path/async_path.py", line 44, in _mkdir_sync
    path.mkdir(parents=parents, exist_ok=exist_ok, mode=mode)
  File "/gscratch/matsulab/envs/pinn-env/lib/python3.12/site-packages/etils/epath/gpath.py", line 205, in mkdir
    self._backend.makedirs(self._path_str, exist_ok=exist_ok, mode=mode)
  File "/gscratch/matsulab/envs/pinn-env/lib/python3.12/site-packages/etils/epath/backend.py", line 170, in makedirs
    os.makedirs(path, exist_ok=exist_ok, mode=mode)
  File "<frozen os>", line 225, in makedirs
FileExistsError: [Errno 17] File exists: '/mmfs1/gscratch/matsulab/sim/pinn-exploration-model/outputs/logs/biconcave/data_0321/a010_m04_wz80/phase0_100000_0_100000_0/checkpoint_0.orbax-checkpoint-tmp'
