jax: 0.7.2
devices: [CudaDevice(id=0)]
Patched jax.experimental.layout.DeviceLocalLayout -> <class 'jax._src.layout.Layout'>
Input file: ../data/synthetic/combine/bud_04_a005_m05.mrc
MRC data loaded successfully! Shape: (64, 64, 64)
Cryo-ET Data Shape: (64, 64, 64)
Cryo-ET Data Min: 0.07657282
Cryo-ET Data Max: 0.9347992
Cryo-ET Unique Values: [0.07657282 0.07698393 0.12171279 ... 0.9113289  0.914968   0.9347992 ]
Pretraining the network using SDF...
Using lambda_1: 1000000, lambda_2: 0
  0%|          | 0/10000 [00:00<?, ?it/s]
Pretraining the network using SDF...
Using lambda_1: 1000000, lambda_2: 50
  0%|          | 0/10000 [00:00<?, ?it/s]
Input file: ../data/synthetic/combine/bud_04_a007_m05.mrc
MRC data loaded successfully! Shape: (64, 64, 64)
Cryo-ET Data Shape: (64, 64, 64)
Cryo-ET Data Min: 0.08991759
Cryo-ET Data Max: 0.9523797
Cryo-ET Unique Values: [0.08991759 0.09252205 0.12250223 ... 0.9411194  0.9423049  0.9523797 ]
Pretraining the network using SDF...
Using lambda_1: 1000000, lambda_2: 0
  0%|          | 0/10000 [00:00<?, ?it/s]
Pretraining the network using SDF...
Using lambda_1: 1000000, lambda_2: 50
  0%|          | 0/10000 [00:00<?, ?it/s]
Input file: ../data/synthetic/combine/bud_04_a009_m05.mrc
MRC data loaded successfully! Shape: (64, 64, 64)
Cryo-ET Data Shape: (64, 64, 64)
Cryo-ET Data Min: 0.10723517
Cryo-ET Data Max: 0.95488435
Cryo-ET Unique Values: [0.10723517 0.10946217 0.11114219 ... 0.95048875 0.9543547  0.95488435]
Pretraining the network using SDF...
Using lambda_1: 1000000, lambda_2: 0
  0%|          | 0/10000 [00:00<?, ?it/s]
Pretraining the network using SDF...
Using lambda_1: 1000000, lambda_2: 50
  0%|          | 0/10000 [00:00<?, ?it/s]
Input file: ../data/synthetic/combine/bud_04_a011_m05.mrc
MRC data loaded successfully! Shape: (64, 64, 64)
Cryo-ET Data Shape: (64, 64, 64)
Cryo-ET Data Min: 0.10136022
Cryo-ET Data Max: 0.9601062
Cryo-ET Unique Values: [0.10136022 0.11148018 0.11554115 ... 0.9542604  0.95465183 0.9601062 ]
Pretraining the network using SDF...
Using lambda_1: 1000000, lambda_2: 0
  0%|          | 0/10000 [00:00<?, ?it/s]
Pretraining the network using SDF...
Using lambda_1: 1000000, lambda_2: 50
  0%|          | 0/10000 [00:00<?, ?it/s]
Input file: ../data/synthetic/combine/bud_04_a013_m05.mrc
MRC data loaded successfully! Shape: (64, 64, 64)
Cryo-ET Data Shape: (64, 64, 64)
Cryo-ET Data Min: 0.10539166
Cryo-ET Data Max: 0.9612088
Cryo-ET Unique Values: [0.10539166 0.13361733 0.13972165 ... 0.95219874 0.95747286 0.9612088 ]
Pretraining the network using SDF...
Using lambda_1: 1000000, lambda_2: 0
  0%|          | 0/10000 [00:00<?, ?it/s]
Pretraining the network using SDF...
Using lambda_1: 1000000, lambda_2: 50
  0%|          | 0/10000 [00:00<?, ?it/s]
Input file: ../data/synthetic/combine/bud_04_a015_m05.mrc
MRC data loaded successfully! Shape: (64, 64, 64)
Cryo-ET Data Shape: (64, 64, 64)
Cryo-ET Data Min: 0.10979038
Cryo-ET Data Max: 0.9713355
Cryo-ET Unique Values: [0.10979038 0.13222997 0.15240277 ... 0.96168214 0.9681027  0.9713355 ]
Pretraining the network using SDF...
Using lambda_1: 1000000, lambda_2: 0
  0%|          | 0/10000 [00:00<?, ?it/s]
Pretraining the network using SDF...
Using lambda_1: 1000000, lambda_2: 50
  0%|          | 0/10000 [00:00<?, ?it/s]
Input file: ../data/synthetic/combine/bud_04_a017_m05.mrc
MRC data loaded successfully! Shape: (64, 64, 64)
Cryo-ET Data Shape: (64, 64, 64)
Cryo-ET Data Min: 0.12664661
Cryo-ET Data Max: 0.9862356
Cryo-ET Unique Values: [0.12664661 0.13149759 0.1514777  ... 0.96166784 0.9732746  0.9862356 ]
Pretraining the network using SDF...
Using lambda_1: 1000000, lambda_2: 0
  0%|          | 0/10000 [00:00<?, ?it/s]
Pretraining the network using SDF...
Using lambda_1: 1000000, lambda_2: 50
  0%|          | 0/10000 [00:00<?, ?it/s]
Input file: ../data/synthetic/combine/bud_04_a019_m05.mrc
MRC data loaded successfully! Shape: (64, 64, 64)
Cryo-ET Data Shape: (64, 64, 64)
Cryo-ET Data Min: 0.12675421
Cryo-ET Data Max: 0.9948068
Cryo-ET Unique Values: [0.12675421 0.13212976 0.1662326  ... 0.97803473 0.9786332  0.9948068 ]
Pretraining the network using SDF...
Using lambda_1: 1000000, lambda_2: 0
  0%|          | 0/10000 [00:00<?, ?it/s]
Pretraining the network using SDF...
Using lambda_1: 1000000, lambda_2: 50
  0%|          | 0/10000 [00:00<?, ?it/s]
Input file: ../data/synthetic/combine/bud_04_a021_m05.mrc
MRC data loaded successfully! Shape: (64, 64, 64)
Cryo-ET Data Shape: (64, 64, 64)
Cryo-ET Data Min: 0.15570182
Cryo-ET Data Max: 0.9957815
Cryo-ET Unique Values: [0.15570182 0.17454962 0.18911237 ... 0.9848443  0.98657644 0.9957815 ]
Pretraining the network using SDF...
Using lambda_1: 1000000, lambda_2: 0
  0%|          | 0/10000 [00:00<?, ?it/s]
Pretraining the network using SDF...
Using lambda_1: 1000000, lambda_2: 50
  0%|          | 0/10000 [00:00<?, ?it/s]
Input file: ../data/synthetic/combine/bud_04_a023_m05.mrc
MRC data loaded successfully! Shape: (64, 64, 64)
Cryo-ET Data Shape: (64, 64, 64)
Cryo-ET Data Min: 0.16191697
Cryo-ET Data Max: 0.9960748
Cryo-ET Unique Values: [0.16191697 0.18996714 0.20125401 ... 0.98742014 0.9882345  0.9960748 ]
Pretraining the network using SDF...
Using lambda_1: 1000000, lambda_2: 0
  0%|          | 0/10000 [00:00<?, ?it/s]
Pretraining the network using SDF...
Using lambda_1: 1000000, lambda_2: 50
  0%|          | 0/10000 [00:00<?, ?it/s]
Input file: ../data/synthetic/combine/bud_04_a025_m05.mrc
MRC data loaded successfully! Shape: (64, 64, 64)
Cryo-ET Data Shape: (64, 64, 64)
Cryo-ET Data Min: 0.17609185
Cryo-ET Data Max: 0.99700737
Cryo-ET Unique Values: [0.17609185 0.23556443 0.24817318 ... 0.99446255 0.9958708  0.99700737]
Pretraining the network using SDF...
Using lambda_1: 1000000, lambda_2: 0
  0%|          | 0/10000 [00:00<?, ?it/s]
Pretraining the network using SDF...
Using lambda_1: 1000000, lambda_2: 50
  0%|          | 0/10000 [00:00<?, ?it/s]
