jax: 0.7.2
devices: [CudaDevice(id=0)]
Patched jax.experimental.layout.DeviceLocalLayout -> <class 'jax._src.layout.Layout'>
Input file: ../data/synthetic/combine/biconcave_a005_m05.mrc
MRC data loaded successfully! Shape: (64, 64, 64)
Cryo-ET Data Shape: (64, 64, 64)
Cryo-ET Data Min: 0.06296793
Cryo-ET Data Max: 0.934871
Cryo-ET Unique Values: [0.06296793 0.06898968 0.07718991 ... 0.9224359  0.9267222  0.934871  ]
Pretraining the network using SDF...
Using lambda_1: 1000000, lambda_2: 0
  0%|          | 0/10000 [00:00<?, ?it/s]
Pretraining the network using SDF...
Using lambda_1: 1000000, lambda_2: 50
  0%|          | 0/10000 [00:00<?, ?it/s]
Input file: ../data/synthetic/combine/biconcave_a007_m05.mrc
MRC data loaded successfully! Shape: (64, 64, 64)
Cryo-ET Data Shape: (64, 64, 64)
Cryo-ET Data Min: 0.0690773
Cryo-ET Data Max: 0.94488883
Cryo-ET Unique Values: [0.0690773  0.11819587 0.15257114 ... 0.9373003  0.94438    0.94488883]
Pretraining the network using SDF...
Using lambda_1: 1000000, lambda_2: 0
  0%|          | 0/10000 [00:00<?, ?it/s]
Pretraining the network using SDF...
Using lambda_1: 1000000, lambda_2: 50
  0%|          | 0/10000 [00:00<?, ?it/s]
Input file: ../data/synthetic/combine/biconcave_a009_m05.mrc
MRC data loaded successfully! Shape: (64, 64, 64)
Cryo-ET Data Shape: (64, 64, 64)
Cryo-ET Data Min: 0.08734116
Cryo-ET Data Max: 0.9568391
Cryo-ET Unique Values: [0.08734116 0.10386777 0.11444211 ... 0.9381498  0.946651   0.9568391 ]
Pretraining the network using SDF...
Using lambda_1: 1000000, lambda_2: 0
  0%|          | 0/10000 [00:00<?, ?it/s]
Pretraining the network using SDF...
Using lambda_1: 1000000, lambda_2: 50
  0%|          | 0/10000 [00:00<?, ?it/s]
Input file: ../data/synthetic/combine/biconcave_a011_m05.mrc
MRC data loaded successfully! Shape: (64, 64, 64)
Cryo-ET Data Shape: (64, 64, 64)
Cryo-ET Data Min: 0.09668567
Cryo-ET Data Max: 0.9625525
Cryo-ET Unique Values: [0.09668567 0.1081377  0.11590952 ... 0.9517106  0.9531616  0.9625525 ]
Pretraining the network using SDF...
Using lambda_1: 1000000, lambda_2: 0
  0%|          | 0/10000 [00:00<?, ?it/s]
Pretraining the network using SDF...
Using lambda_1: 1000000, lambda_2: 50
  0%|          | 0/10000 [00:00<?, ?it/s]
Input file: ../data/synthetic/combine/biconcave_a013_m05.mrc
MRC data loaded successfully! Shape: (64, 64, 64)
Cryo-ET Data Shape: (64, 64, 64)
Cryo-ET Data Min: 0.112887844
Cryo-ET Data Max: 0.9764737
Cryo-ET Unique Values: [0.11288784 0.11657089 0.1226043  ... 0.95227116 0.9641401  0.9764737 ]
Pretraining the network using SDF...
Using lambda_1: 1000000, lambda_2: 0
  0%|          | 0/10000 [00:00<?, ?it/s]
Pretraining the network using SDF...
Using lambda_1: 1000000, lambda_2: 50
  0%|          | 0/10000 [00:00<?, ?it/s]
Input file: ../data/synthetic/combine/biconcave_a015_m05.mrc
MRC data loaded successfully! Shape: (64, 64, 64)
Cryo-ET Data Shape: (64, 64, 64)
Cryo-ET Data Min: 0.1106557
Cryo-ET Data Max: 0.97485846
Cryo-ET Unique Values: [0.1106557  0.13286728 0.1428475  ... 0.9674482  0.97041905 0.97485846]
Pretraining the network using SDF...
Using lambda_1: 1000000, lambda_2: 0
  0%|          | 0/10000 [00:00<?, ?it/s]
Pretraining the network using SDF...
Using lambda_1: 1000000, lambda_2: 50
  0%|          | 0/10000 [00:00<?, ?it/s]
Input file: ../data/synthetic/combine/biconcave_a017_m05.mrc
MRC data loaded successfully! Shape: (64, 64, 64)
Cryo-ET Data Shape: (64, 64, 64)
Cryo-ET Data Min: 0.12347804
Cryo-ET Data Max: 0.97929406
Cryo-ET Unique Values: [0.12347804 0.1558984  0.16867268 ... 0.96913767 0.97354275 0.97929406]
Pretraining the network using SDF...
Using lambda_1: 1000000, lambda_2: 0
  0%|          | 0/10000 [00:00<?, ?it/s]
Pretraining the network using SDF...
Using lambda_1: 1000000, lambda_2: 50
  0%|          | 0/10000 [00:00<?, ?it/s]
Input file: ../data/synthetic/combine/biconcave_a019_m05.mrc
MRC data loaded successfully! Shape: (64, 64, 64)
Cryo-ET Data Shape: (64, 64, 64)
Cryo-ET Data Min: 0.125336
Cryo-ET Data Max: 0.98292226
Cryo-ET Unique Values: [0.125336   0.17462866 0.1789238  ... 0.9819245  0.9820271  0.98292226]
Pretraining the network using SDF...
Using lambda_1: 1000000, lambda_2: 0
  0%|          | 0/10000 [00:00<?, ?it/s]
Pretraining the network using SDF...
Using lambda_1: 1000000, lambda_2: 50
  0%|          | 0/10000 [00:00<?, ?it/s]
Input file: ../data/synthetic/combine/biconcave_a021_m05.mrc
MRC data loaded successfully! Shape: (64, 64, 64)
Cryo-ET Data Shape: (64, 64, 64)
Cryo-ET Data Min: 0.13628194
Cryo-ET Data Max: 0.99121404
Cryo-ET Unique Values: [0.13628194 0.14547393 0.15332411 ... 0.98796046 0.9900197  0.99121404]
Pretraining the network using SDF...
Using lambda_1: 1000000, lambda_2: 0
  0%|          | 0/10000 [00:00<?, ?it/s]
Pretraining the network using SDF...
Using lambda_1: 1000000, lambda_2: 50
  0%|          | 0/10000 [00:00<?, ?it/s]
Input file: ../data/synthetic/combine/biconcave_a023_m05.mrc
MRC data loaded successfully! Shape: (64, 64, 64)
Cryo-ET Data Shape: (64, 64, 64)
Cryo-ET Data Min: 0.14526495
Cryo-ET Data Max: 0.9975656
Cryo-ET Unique Values: [0.14526495 0.16163987 0.17184621 ... 0.990092   0.9935359  0.9975656 ]
Pretraining the network using SDF...
Using lambda_1: 1000000, lambda_2: 0
  0%|          | 0/10000 [00:00<?, ?it/s]
Pretraining the network using SDF...
Using lambda_1: 1000000, lambda_2: 50
  0%|          | 0/10000 [00:00<?, ?it/s]
Input file: ../data/synthetic/combine/biconcave_a025_m05.mrc
MRC data loaded successfully! Shape: (64, 64, 64)
Cryo-ET Data Shape: (64, 64, 64)
Cryo-ET Data Min: 0.15085109
Cryo-ET Data Max: 0.9982494
Cryo-ET Unique Values: [0.15085109 0.1995656  0.20515381 ... 0.9953089  0.99746025 0.9982494 ]
Pretraining the network using SDF...
Using lambda_1: 1000000, lambda_2: 0
  0%|          | 0/10000 [00:00<?, ?it/s]
Pretraining the network using SDF...
Using lambda_1: 1000000, lambda_2: 50
  0%|          | 0/10000 [00:00<?, ?it/s]
